gthr-default.h:229:1:int __gthread_key_delete(__gthread_key_t)	16	static
MPU9250.cpp:13:6:void MPU9250_Config()	8	static
MPU9250.cpp:22:6:void MPU9250_Bypass_En()	8	static
MPU9250.cpp:25:6:void MPU9250_Bypass_Dis()	8	static
MPU9250.cpp:28:6:void MPU9250_Get_Scaled(ScaledData_Def*, ScaledData_Def*)	16	static
MPU9250.cpp:34:6:void MPU9250_AG_Calibrate(ScaledData_Def*, ScaledData_Def*)	80	static
MPU9250.cpp:92:6:void MPU9250_AG_Calib_Config()	8	static
MPU9250.cpp:122:6:void MPU9250_Accel_WriteRegister(Sensor_Bias_Def*)	56	static
MPU9250.cpp:165:6:void MPU9250_Gyro_WriteRegister(Sensor_Bias_Def*)	24	static
MPU9250.cpp:181:6:void MPU9250_AK8963_Config()	8	static
MPU9250.cpp:188:6:void MPU9250_AK8963_AutoCalib()	8	static
MPU9250.cpp:191:6:void MPU9250_AK8963_GetMag_Scaled(ScaledData_Def*)	32	static
MPU9250.cpp:199:6:void MPU9250_AK8963_Set_Hard_Soft_Iron(ak8963_soft_iron_scale_t*, ak8963_hard_iron_bias_t)	24	static
MPU9250.cpp:203:6:void MPU9250_AK8963_GetSample()	88	static
MPU9250.cpp:223:1:void __static_initialization_and_destruction_0(int, int)	16	static
MPU9250.cpp:223:1:cpp)	8	static
MPU9250.cpp:223:1:cpp)	8	static
