TJ_MPU6050.cpp:41:6:void MPU6050_Init(I2C_HandleTypeDef*)	16	static
TJ_MPU6050.cpp:48:6:void I2C_Read(uint8_t, uint8_t*, uint8_t)	32	static
TJ_MPU6050.cpp:60:6:void I2C_Write8(uint8_t, uint8_t)	32	static
TJ_MPU6050.cpp:70:6:void MPU6050_Config(MPU_ConfigTypeDef*)	24	static
TJ_MPU6050.cpp:159:9:uint8_t MPU6050_Get_SMPRT_DIV()	16	static
TJ_MPU6050.cpp:168:6:void MPU6050_Set_SMPRT_DIV(uint8_t)	16	static
TJ_MPU6050.cpp:174:9:uint8_t MPU6050_Get_FSYNC()	16	static
TJ_MPU6050.cpp:184:6:void MPU6050_Set_FSYNC(EXT_SYNC_SET_ENUM)	24	static
TJ_MPU6050.cpp:196:6:void MPU6050_Get_Accel_RawData(RawData_Def*)	40	static
TJ_MPU6050.cpp:219:6:void MPU6050_Get_Accel_Scale(ScaledData_Def*)	24	static
TJ_MPU6050.cpp:232:6:void MPU6050_Get_Accel_Cali(ScaledData_Def*)	32	static
TJ_MPU6050.cpp:243:6:void MPU6050_Get_Gyro_RawData(RawData_Def*)	16	static
TJ_MPU6050.cpp:254:6:void MPU6050_Get_Gyro_Scale(ScaledData_Def*)	24	static
TJ_MPU6050.cpp:266:6:void _Accel_Cali(float, float, float, float, float, float)	32	static
TJ_MPU6050.cpp:277:6:void MPU6050_Bypass_En()	16	static
TJ_MPU6050.cpp:285:6:void MPU6050_Bypass_Dis()	8	static
