main.cpp:82:5:int main()	8	static
main.cpp:136:6:void SystemClock_Config()	88	static
main.cpp:180:13:void MX_I2C1_Init()	8	static
main.cpp:214:13:void MX_TIM2_Init()	56	static
main.cpp:263:13:void MX_TIM3_Init()	56	static
main.cpp:312:13:void MX_TIM4_Init()	48	static
main.cpp:365:13:void MX_TIM9_Init()	24	static
main.cpp:436:13:void MX_UART5_Init()	8	static
main.cpp:467:13:void MX_DMA_Init()	16	static
main.cpp:485:13:void MX_GPIO_Init()	48	static
main.cpp:552:6:void Error_Handler()	4	static,ignoring_inline_asm
