gthr-default.h:229:1:int __gthread_key_delete(__gthread_key_t)	16	static
time.h:51:3:ros::Time::Time()	16	static
msg.h:45:7:constexpr ros::Msg::Msg()	16	static
Time.h:19:5:std_msgs::Time::Time()	16	static
Time.h:24:17:virtual int std_msgs::Time::serialize(unsigned char*) const	24	static
Time.h:40:17:virtual int std_msgs::Time::deserialize(unsigned char*)	24	static
Time.h:56:18:virtual const char* std_msgs::Time::getType()	16	static
Time.h:57:18:virtual const char* std_msgs::Time::getMD5()	16	static
TopicInfo.h:34:5:rosserial_msgs::TopicInfo::TopicInfo()	16	static
TopicInfo.h:43:17:virtual int rosserial_msgs::TopicInfo::serialize(unsigned char*) const	40	static
TopicInfo.h:77:17:virtual int rosserial_msgs::TopicInfo::deserialize(unsigned char*)	48	static
TopicInfo.h:124:18:virtual const char* rosserial_msgs::TopicInfo::getType()	16	static
TopicInfo.h:125:18:virtual const char* rosserial_msgs::TopicInfo::getMD5()	16	static
Log.h:25:5:rosserial_msgs::Log::Log()	16	static
Log.h:31:17:virtual int rosserial_msgs::Log::serialize(unsigned char*) const	24	static
Log.h:44:17:virtual int rosserial_msgs::Log::deserialize(unsigned char*)	32	static
Log.h:61:18:virtual const char* rosserial_msgs::Log::getType()	16	static
Log.h:62:18:virtual const char* rosserial_msgs::Log::getMD5()	16	static
RequestParam.h:19:5:rosserial_msgs::RequestParamRequest::RequestParamRequest()	16	static
RequestParam.h:24:17:virtual int rosserial_msgs::RequestParamRequest::serialize(unsigned char*) const	24	static
RequestParam.h:35:17:virtual int rosserial_msgs::RequestParamRequest::deserialize(unsigned char*)	32	static
RequestParam.h:50:18:virtual const char* rosserial_msgs::RequestParamRequest::getType()	16	static
RequestParam.h:51:18:virtual const char* rosserial_msgs::RequestParamRequest::getMD5()	16	static
RequestParam.h:71:5:rosserial_msgs::RequestParamResponse::RequestParamResponse()	16	static
RequestParam.h:78:17:virtual int rosserial_msgs::RequestParamResponse::serialize(unsigned char*) const	48	static
RequestParam.h:130:17:virtual int rosserial_msgs::RequestParamResponse::deserialize(unsigned char*)	64	static
RequestParam.h:200:18:virtual const char* rosserial_msgs::RequestParamResponse::getType()	16	static
RequestParam.h:201:18:virtual const char* rosserial_msgs::RequestParamResponse::getMD5()	16	static
publisher.h:48:3:ros::Publisher::Publisher(const char*, ros::Msg*, int)	24	static
publisher.h:53:7:int ros::Publisher::publish(const ros::Msg*)	16	static
publisher.h:57:7:int ros::Publisher::getEndpointType()	16	static
SerialClass.h:58:2:SerialClass::SerialClass(UART_HandleTypeDef&)	16	static
SerialClass.h:63:36:UART_HandleTypeDef* const SerialClass::get_handle()	16	static
SerialClass.h:68:14:void SerialClass::init()	64	static
SerialClass.h:142:13:int SerialClass::read()	24	static
SerialClass.h:156:14:void SerialClass::write(const uint8_t*, int)	32	static
SerialClass.h:180:14:void SerialClass::tx_cplt_callback()	16	static
SerialClass.h:186:14:void SerialClass::reset_rbuf()	16	static
SerialClass.h:195:17:void HAL_UART_TxCpltCallback(UART_HandleTypeDef*)	24	static
SerialClass.h:208:17:void HAL_UART_RxCpltCallback(UART_HandleTypeDef*)	24	static
SerialClass.h:231:17:void DMA1_Stream2_IRQHandler()	8	static
SerialClass.h:236:17:void DMA1_Stream4_IRQHandler()	8	static
SerialClass.h:241:17:void UART4_IRQHandler()	8	static
STM32Hardware.h:31:2:STM32Hardware::STM32Hardware()	16	static
STM32Hardware.h:37:7:void STM32Hardware::init()	16	static
STM32Hardware.h:42:6:int STM32Hardware::read()	16	static
STM32Hardware.h:47:7:void STM32Hardware::write(uint8_t*, int)	24	static
STM32Hardware.h:52:16:long unsigned int STM32Hardware::time()	16	static
Float32.h:18:5:std_msgs::Float32::Float32()	16	static
Float32.h:23:17:virtual int std_msgs::Float32::serialize(unsigned char*) const	24	static
Float32.h:39:17:virtual int std_msgs::Float32::deserialize(unsigned char*)	24	static
Float32.h:56:18:virtual const char* std_msgs::Float32::getType()	16	static
Float32.h:57:18:virtual const char* std_msgs::Float32::getMD5()	16	static
Empty.h:16:5:std_msgs::Empty::Empty()	16	static
Empty.h:20:17:virtual int std_msgs::Empty::serialize(unsigned char*) const	24	static
Empty.h:26:17:virtual int std_msgs::Empty::deserialize(unsigned char*)	24	static
Empty.h:32:18:virtual const char* std_msgs::Empty::getType()	16	static
Empty.h:33:18:virtual const char* std_msgs::Empty::getMD5()	16	static
Header.h:23:5:std_msgs::Header::Header()	16	static
Header.h:30:17:virtual int std_msgs::Header::serialize(unsigned char*) const	24	static
Header.h:56:17:virtual int std_msgs::Header::deserialize(unsigned char*)	32	static
Header.h:86:18:virtual const char* std_msgs::Header::getType()	16	static
Header.h:87:18:virtual const char* std_msgs::Header::getMD5()	16	static
Quaternion.h:24:5:geometry_msgs::Quaternion::Quaternion()	16	static
Quaternion.h:32:17:virtual int geometry_msgs::Quaternion::serialize(unsigned char*) const	56	static
Quaternion.h:94:17:virtual int geometry_msgs::Quaternion::deserialize(unsigned char*)	344	static
Quaternion.h:160:18:virtual const char* geometry_msgs::Quaternion::getType()	16	static
Quaternion.h:161:18:virtual const char* geometry_msgs::Quaternion::getMD5()	16	static
Vector3.h:22:5:geometry_msgs::Vector3::Vector3()	16	static
Vector3.h:29:17:virtual int geometry_msgs::Vector3::serialize(unsigned char*) const	48	static
Vector3.h:77:17:virtual int geometry_msgs::Vector3::deserialize(unsigned char*)	264	static
Vector3.h:128:18:virtual const char* geometry_msgs::Vector3::getType()	16	static
Vector3.h:129:18:virtual const char* geometry_msgs::Vector3::getMD5()	16	static
Imu.h:30:5:sensor_msgs::Imu::Imu()	16	static
Imu.h:41:17:virtual int sensor_msgs::Imu::serialize(unsigned char*) const	56	static
Imu.h:99:17:virtual int sensor_msgs::Imu::deserialize(unsigned char*)	280	static
Imu.h:160:18:virtual const char* sensor_msgs::Imu::getType()	16	static
Imu.h:161:18:virtual const char* sensor_msgs::Imu::getMD5()	16	static
Transform.h:22:5:geometry_msgs::Transform::Transform()	16	static
Transform.h:28:17:virtual int geometry_msgs::Transform::serialize(unsigned char*) const	24	static
Transform.h:36:17:virtual int geometry_msgs::Transform::deserialize(unsigned char*)	24	static
Transform.h:44:18:virtual const char* geometry_msgs::Transform::getType()	16	static
Transform.h:45:18:virtual const char* geometry_msgs::Transform::getMD5()	16	static
TransformStamped.h:24:5:geometry_msgs::TransformStamped::TransformStamped()	16	static
TransformStamped.h:31:17:virtual int geometry_msgs::TransformStamped::serialize(unsigned char*) const	24	static
TransformStamped.h:44:17:virtual int geometry_msgs::TransformStamped::deserialize(unsigned char*)	32	static
TransformStamped.h:61:18:virtual const char* geometry_msgs::TransformStamped::getType()	16	static
TransformStamped.h:62:18:virtual const char* geometry_msgs::TransformStamped::getMD5()	16	static
tfMessage.h:21:5:tf::tfMessage::tfMessage()	16	static
tfMessage.h:26:17:virtual int tf::tfMessage::serialize(unsigned char*) const	24	static
tfMessage.h:40:17:virtual int tf::tfMessage::deserialize(unsigned char*)	32	static
tfMessage.h:58:18:virtual const char* tf::tfMessage::getType()	16	static
tfMessage.h:59:18:virtual const char* tf::tfMessage::getMD5()	16	static
transform_broadcaster.h:47:3:tf::TransformBroadcaster::TransformBroadcaster()	16	static
transform_broadcaster.h:49:8:void tf::TransformBroadcaster::init(ros::NodeHandle&)	16	static
transform_broadcaster.h:54:8:void tf::TransformBroadcaster::sendTransform(geometry_msgs::TransformStamped&)	16	static
tf.h:43:41:geometry_msgs::Quaternion tf::createQuaternionFromYaw(double)	24	static
Point.h:22:5:geometry_msgs::Point::Point()	16	static
Point.h:29:17:virtual int geometry_msgs::Point::serialize(unsigned char*) const	48	static
Point.h:77:17:virtual int geometry_msgs::Point::deserialize(unsigned char*)	264	static
Point.h:128:18:virtual const char* geometry_msgs::Point::getType()	16	static
Point.h:129:18:virtual const char* geometry_msgs::Point::getMD5()	16	static
Pose.h:22:5:geometry_msgs::Pose::Pose()	16	static
Pose.h:28:17:virtual int geometry_msgs::Pose::serialize(unsigned char*) const	24	static
Pose.h:36:17:virtual int geometry_msgs::Pose::deserialize(unsigned char*)	24	static
Pose.h:44:18:virtual const char* geometry_msgs::Pose::getType()	16	static
Pose.h:45:18:virtual const char* geometry_msgs::Pose::getMD5()	16	static
PoseWithCovariance.h:20:5:geometry_msgs::PoseWithCovariance::PoseWithCovariance()	16	static
PoseWithCovariance.h:26:17:virtual int geometry_msgs::PoseWithCovariance::serialize(unsigned char*) const	32	static
PoseWithCovariance.h:49:17:virtual int geometry_msgs::PoseWithCovariance::deserialize(unsigned char*)	112	static
PoseWithCovariance.h:73:18:virtual const char* geometry_msgs::PoseWithCovariance::getType()	16	static
PoseWithCovariance.h:74:18:virtual const char* geometry_msgs::PoseWithCovariance::getMD5()	16	static
Twist.h:21:5:geometry_msgs::Twist::Twist()	16	static
Twist.h:27:17:virtual int geometry_msgs::Twist::serialize(unsigned char*) const	24	static
Twist.h:35:17:virtual int geometry_msgs::Twist::deserialize(unsigned char*)	24	static
Twist.h:43:18:virtual const char* geometry_msgs::Twist::getType()	16	static
Twist.h:44:18:virtual const char* geometry_msgs::Twist::getMD5()	16	static
TwistWithCovariance.h:20:5:geometry_msgs::TwistWithCovariance::TwistWithCovariance()	16	static
TwistWithCovariance.h:26:17:virtual int geometry_msgs::TwistWithCovariance::serialize(unsigned char*) const	32	static
TwistWithCovariance.h:49:17:virtual int geometry_msgs::TwistWithCovariance::deserialize(unsigned char*)	112	static
TwistWithCovariance.h:73:18:virtual const char* geometry_msgs::TwistWithCovariance::getType()	16	static
TwistWithCovariance.h:74:18:virtual const char* geometry_msgs::TwistWithCovariance::getMD5()	16	static
Odometry.h:27:5:nav_msgs::Odometry::Odometry()	16	static
Odometry.h:35:17:virtual int nav_msgs::Odometry::serialize(unsigned char*) const	24	static
Odometry.h:49:17:virtual int nav_msgs::Odometry::deserialize(unsigned char*)	32	static
Odometry.h:67:18:virtual const char* nav_msgs::Odometry::getType()	16	static
Odometry.h:68:18:virtual const char* nav_msgs::Odometry::getMD5()	16	static
mainpp.h:156:2:Encoder::Encoder(float, uint8_t, double, double, double)	48	static
mainpp.cpp:20:6:void HAL_TIM_PeriodElapsedCallback(TIM_HandleTypeDef*)	16	static
mainpp.cpp:58:6:void setup()	16	static
mainpp.cpp:99:6:void loop()	8	static
mainpp.cpp:157:6:void ros_setup()	8	static
mainpp.cpp:189:6:void IMU_600USD_Read()	24	static
mainpp.cpp:206:6:void IMU_600USD_GetSample()	88	static
mainpp.cpp:224:6:void IMU_Config()	8	static
mainpp.cpp:230:6:void init_Odom()	16	static
mainpp.cpp:249:6:void toggle_callback(const geometry_msgs::Twist&)	16	static
mainpp.cpp:253:6:void cmd_vel_callback(const geometry_msgs::Twist&)	16	static
mainpp.cpp:258:6:void reset_callback(const std_msgs::Empty&)	72	static
mainpp.cpp:267:6:void Low_pass_filter(float*, float*, float)	32	static
mainpp.cpp:289:6:void Control_motor()	24	static
mainpp.cpp:308:6:void Get_encoder()	8	static
mainpp.cpp:314:6:void Encoder::PID_control()	64	static
mainpp.cpp:337:6:void Encoder::set_PWM()	24	static
mainpp.cpp:353:6:void Encoder::set_dir(uint8_t)	16	static
mainpp.cpp:375:6:void Encoder::get_speed()	16	static
mainpp.cpp:398:6:void Encoder::get_encoder()	16	static
mainpp.cpp:411:6:void get_speed_100ms(float*)	32	static
mainpp.cpp:422:6:void get_odom()	88	static
msg.h:45:7:constexpr ros::Msg& ros::Msg::operator=(ros::Msg&&)	16	static
Quaternion.h:12:9:constexpr geometry_msgs::Quaternion& geometry_msgs::Quaternion::operator=(geometry_msgs::Quaternion&&)	16	static
mainpp.cpp:493:6:void prepub_odom()	48	static
msg.h:45:7:constexpr ros::Msg& ros::Msg::operator=(const ros::Msg&)	16	static
Header.h:13:9:constexpr std_msgs::Header& std_msgs::Header::operator=(const std_msgs::Header&)	16	static
Quaternion.h:12:9:constexpr geometry_msgs::Quaternion& geometry_msgs::Quaternion::operator=(const geometry_msgs::Quaternion&)	16	static
mainpp.cpp:505:6:void update_TF(geometry_msgs::TransformStamped&)	16	static
mainpp.cpp:514:6:void update_quaternion()	8	static
mainpp.cpp:517:6:void publish_driveinfo()	16	static
mainpp.cpp:528:6:void led_toggle()	8	static
mainpp.cpp:533:6:void update_IMU(sensor_msgs::Imu&, float*, ScaledData_Def*, ScaledData_Def*)	24	static
mainpp.cpp:548:6:void publish_IMU()	48	static
mainpp.cpp:557:6:void update_TFPrefix(bool)	88	static
mainpp.cpp:602:6:void waitfor_SerialLink(bool)	16	static
mainpp.cpp:620:6:void send_logmsg()	8	static
mainpp.cpp:645:6:void update_Variable(bool)	16	static
msg.h:129:15:static void ros::Msg::varToArr(A, V) [with A = unsigned char*; V = long unsigned int]	24	static
msg.h:137:15:static void ros::Msg::arrToVar(V&, A) [with V = long unsigned int; A = unsigned char*]	24	static
node_handle.h:415:8:bool ros::NodeHandle_<Hardware, MAX_SUBSCRIBERS, MAX_PUBLISHERS, INPUT_SIZE, OUTPUT_SIZE>::advertise(ros::Publisher&) [with Hardware = STM32Hardware; int MAX_SUBSCRIBERS = 25; int MAX_PUBLISHERS = 25; int INPUT_SIZE = 4096; int OUTPUT_SIZE = 4096]	24	static
node_handle.h:50:7:constexpr ros::NodeHandleBase_::NodeHandleBase_()	16	static
node_handle.h:128:3:ros::NodeHandle_<Hardware, MAX_SUBSCRIBERS, MAX_PUBLISHERS, INPUT_SIZE, OUTPUT_SIZE>::NodeHandle_() [with Hardware = STM32Hardware; int MAX_SUBSCRIBERS = 25; int MAX_PUBLISHERS = 25; int INPUT_SIZE = 4096; int OUTPUT_SIZE = 4096]	32	static
subscriber.h:44:7:ros::Subscriber_::Subscriber_()	16	static
subscriber.h:107:3:ros::Subscriber<MsgT, void>::Subscriber(const char*, ros::Subscriber<MsgT, void>::CallbackT, int) [with MsgT = geometry_msgs::Twist]	24	static
subscriber.h:107:3:ros::Subscriber<MsgT, void>::Subscriber(const char*, ros::Subscriber<MsgT, void>::CallbackT, int) [with MsgT = std_msgs::Empty]	24	static
node_handle.h:363:16:bool ros::NodeHandle_<Hardware, MAX_SUBSCRIBERS, MAX_PUBLISHERS, INPUT_SIZE, OUTPUT_SIZE>::connected() [with Hardware = STM32Hardware; int MAX_SUBSCRIBERS = 25; int MAX_PUBLISHERS = 25; int INPUT_SIZE = 4096; int OUTPUT_SIZE = 4096]	16	static
node_handle.h:480:8:void ros::NodeHandle_<Hardware, MAX_SUBSCRIBERS, MAX_PUBLISHERS, INPUT_SIZE, OUTPUT_SIZE>::negotiateTopics() [with Hardware = STM32Hardware; int MAX_SUBSCRIBERS = 25; int MAX_PUBLISHERS = 25; int INPUT_SIZE = 4096; int OUTPUT_SIZE = 4096]	56	static
node_handle.h:212:15:int ros::NodeHandle_<Hardware, MAX_SUBSCRIBERS, MAX_PUBLISHERS, INPUT_SIZE, OUTPUT_SIZE>::spinOnce() [with Hardware = STM32Hardware; int MAX_SUBSCRIBERS = 25; int MAX_PUBLISHERS = 25; int INPUT_SIZE = 4096; int OUTPUT_SIZE = 4096]	24	static
node_handle.h:159:8:void ros::NodeHandle_<Hardware, MAX_SUBSCRIBERS, MAX_PUBLISHERS, INPUT_SIZE, OUTPUT_SIZE>::initNode() [with Hardware = STM32Hardware; int MAX_SUBSCRIBERS = 25; int MAX_PUBLISHERS = 25; int INPUT_SIZE = 4096; int OUTPUT_SIZE = 4096]	16	static
node_handle.h:565:8:void ros::NodeHandle_<Hardware, MAX_SUBSCRIBERS, MAX_PUBLISHERS, INPUT_SIZE, OUTPUT_SIZE>::loginfo(const char*) [with Hardware = STM32Hardware; int MAX_SUBSCRIBERS = 25; int MAX_PUBLISHERS = 25; int INPUT_SIZE = 4096; int OUTPUT_SIZE = 4096]	16	static
node_handle.h:432:8:bool ros::NodeHandle_<Hardware, MAX_SUBSCRIBERS, MAX_PUBLISHERS, INPUT_SIZE, OUTPUT_SIZE>::subscribe(SubscriberT&) [with SubscriberT = ros::Subscriber<geometry_msgs::Twist>; Hardware = STM32Hardware; int MAX_SUBSCRIBERS = 25; int MAX_PUBLISHERS = 25; int INPUT_SIZE = 4096; int OUTPUT_SIZE = 4096]	24	static
node_handle.h:432:8:bool ros::NodeHandle_<Hardware, MAX_SUBSCRIBERS, MAX_PUBLISHERS, INPUT_SIZE, OUTPUT_SIZE>::subscribe(SubscriberT&) [with SubscriberT = ros::Subscriber<std_msgs::Empty>; Hardware = STM32Hardware; int MAX_SUBSCRIBERS = 25; int MAX_PUBLISHERS = 25; int INPUT_SIZE = 4096; int OUTPUT_SIZE = 4096]	24	static
node_handle.h:392:8:ros::Time ros::NodeHandle_<Hardware, MAX_SUBSCRIBERS, MAX_PUBLISHERS, INPUT_SIZE, OUTPUT_SIZE>::now() [with Hardware = STM32Hardware; int MAX_SUBSCRIBERS = 25; int MAX_PUBLISHERS = 25; int INPUT_SIZE = 4096; int OUTPUT_SIZE = 4096]	24	static
node_handle.h:646:8:bool ros::NodeHandle_<Hardware, MAX_SUBSCRIBERS, MAX_PUBLISHERS, INPUT_SIZE, OUTPUT_SIZE>::getParam(const char*, char**, int, int) [with Hardware = STM32Hardware; int MAX_SUBSCRIBERS = 25; int MAX_PUBLISHERS = 25; int INPUT_SIZE = 4096; int OUTPUT_SIZE = 4096]	32	static
node_handle.h:511:15:int ros::NodeHandle_<Hardware, MAX_SUBSCRIBERS, MAX_PUBLISHERS, INPUT_SIZE, OUTPUT_SIZE>::publish(int, const ros::Msg*) [with Hardware = STM32Hardware; int MAX_SUBSCRIBERS = 25; int MAX_PUBLISHERS = 25; int INPUT_SIZE = 4096; int OUTPUT_SIZE = 4096]	40	static
node_handle.h:372:8:void ros::NodeHandle_<Hardware, MAX_SUBSCRIBERS, MAX_PUBLISHERS, INPUT_SIZE, OUTPUT_SIZE>::requestSyncTime() [with Hardware = STM32Hardware; int MAX_SUBSCRIBERS = 25; int MAX_PUBLISHERS = 25; int INPUT_SIZE = 4096; int OUTPUT_SIZE = 4096]	32	static
node_handle.h:379:8:void ros::NodeHandle_<Hardware, MAX_SUBSCRIBERS, MAX_PUBLISHERS, INPUT_SIZE, OUTPUT_SIZE>::syncTime(uint8_t*) [with Hardware = STM32Hardware; int MAX_SUBSCRIBERS = 25; int MAX_PUBLISHERS = 25; int INPUT_SIZE = 4096; int OUTPUT_SIZE = 4096]	32	static
node_handle.h:552:8:void ros::NodeHandle_<Hardware, MAX_SUBSCRIBERS, MAX_PUBLISHERS, INPUT_SIZE, OUTPUT_SIZE>::log(char, const char*) [with Hardware = STM32Hardware; int MAX_SUBSCRIBERS = 25; int MAX_PUBLISHERS = 25; int INPUT_SIZE = 4096; int OUTPUT_SIZE = 4096]	40	static
node_handle.h:590:8:bool ros::NodeHandle_<Hardware, MAX_SUBSCRIBERS, MAX_PUBLISHERS, INPUT_SIZE, OUTPUT_SIZE>::requestParam(const char*, int) [with Hardware = STM32Hardware; int MAX_SUBSCRIBERS = 25; int MAX_PUBLISHERS = 25; int INPUT_SIZE = 4096; int OUTPUT_SIZE = 4096]	40	static
node_handle.h:569:8:void ros::NodeHandle_<Hardware, MAX_SUBSCRIBERS, MAX_PUBLISHERS, INPUT_SIZE, OUTPUT_SIZE>::logwarn(const char*) [with Hardware = STM32Hardware; int MAX_SUBSCRIBERS = 25; int MAX_PUBLISHERS = 25; int INPUT_SIZE = 4096; int OUTPUT_SIZE = 4096]	16	static
node_handle.h:573:8:void ros::NodeHandle_<Hardware, MAX_SUBSCRIBERS, MAX_PUBLISHERS, INPUT_SIZE, OUTPUT_SIZE>::logerror(const char*) [with Hardware = STM32Hardware; int MAX_SUBSCRIBERS = 25; int MAX_PUBLISHERS = 25; int INPUT_SIZE = 4096; int OUTPUT_SIZE = 4096]	16	static
node_handle.h:402:8:void ros::NodeHandle_<Hardware, MAX_SUBSCRIBERS, MAX_PUBLISHERS, INPUT_SIZE, OUTPUT_SIZE>::setNow(ros::Time&) [with Hardware = STM32Hardware; int MAX_SUBSCRIBERS = 25; int MAX_PUBLISHERS = 25; int INPUT_SIZE = 4096; int OUTPUT_SIZE = 4096]	24	static
mainpp.cpp:663:1:void __static_initialization_and_destruction_0(int, int)	16	static
subscriber.h:114:16:void ros::Subscriber<MsgT, void>::callback(unsigned char*) [with MsgT = std_msgs::Empty]	16	static
subscriber.h:128:15:int ros::Subscriber<MsgT, void>::getEndpointType() [with MsgT = std_msgs::Empty]	16	static
subscriber.h:120:24:const char* ros::Subscriber<MsgT, void>::getMsgType() [with MsgT = std_msgs::Empty]	16	static
subscriber.h:124:24:const char* ros::Subscriber<MsgT, void>::getMsgMD5() [with MsgT = std_msgs::Empty]	16	static
subscriber.h:114:16:void ros::Subscriber<MsgT, void>::callback(unsigned char*) [with MsgT = geometry_msgs::Twist]	16	static
subscriber.h:128:15:int ros::Subscriber<MsgT, void>::getEndpointType() [with MsgT = geometry_msgs::Twist]	16	static
subscriber.h:120:24:const char* ros::Subscriber<MsgT, void>::getMsgType() [with MsgT = geometry_msgs::Twist]	16	static
subscriber.h:124:24:const char* ros::Subscriber<MsgT, void>::getMsgMD5() [with MsgT = geometry_msgs::Twist]	16	static
mainpp.cpp:663:1:cpp)	8	static
mainpp.cpp:663:1:cpp)	8	static
